exports[`test renders correctly 1`] = `
<View
  style={
    Object {
      "backgroundColor": "#fff",
      "flex": 1,
      "flexDirection": "column",
      "marginTop": 24,
    }
  }>
  <ScrollView
    dataSource={
      ListViewDataSource {
        "items": 2,
      }
    }
    initialListSize={10}
    onContentSizeChange={[Function]}
    onEndReachedThreshold={1000}
    onKeyboardDidHide={undefined}
    onKeyboardDidShow={undefined}
    onKeyboardWillHide={undefined}
    onKeyboardWillShow={undefined}
    onLayout={[Function]}
    onScroll={[Function]}
    pageSize={1}
    removeClippedSubviews={true}
    renderRow={[Function]}
    renderSeparator={[Function]}
    scrollEventThrottle={50}
    scrollRenderAheadDistance={1000}
    stickyHeaderIndices={Array []}>
    <View
      style={
        Array [
          Object {
            "backgroundColor": "#fff",
            "flex": 1,
            "flexDirection": "row",
            "height": 120,
          },
          undefined,
        ]
      }>
      <View
        style={
          Object {
            "alignItems": "center",
            "justifyContent": "center",
            "width": 120,
          }
        }>
        <Image
          resizemode="contain"
          source={
            Object {
              "uri": "http://loremflickr.com/320/240/dog?asdf=0",
            }
          }
          style={
            Object {
              "height": 100,
              "width": 100,
            }
          } />
      </View>
      <View
        style={
          Object {
            "flex": 1,
            "flexDirection": "column",
            "padding": 16,
          }
        }>
        <Text
          accessible={true}
          allowFontScaling={true}
          ellipsizeMode="tail">
          Jack Johnson
        </Text>
        <Text
          accessible={true}
          allowFontScaling={true}
          ellipsizeMode="tail"
          style={
            Object {
              "color": "#000",
              "fontSize": 16,
            }
          }>
          Hello, World!
        </Text>
      </View>
    </View>
    <View
      style={
        Object {
          "height": 8,
        }
      } />
    <View
      style={
        Array [
          Object {
            "backgroundColor": "#fff",
            "flex": 1,
            "flexDirection": "row",
            "height": 120,
          },
          undefined,
        ]
      }>
      <View
        style={
          Object {
            "alignItems": "center",
            "justifyContent": "center",
            "width": 120,
          }
        }>
        <Image
          resizemode="contain"
          source={
            Object {
              "uri": "http://loremflickr.com/320/240/dog?foo=1",
            }
          }
          style={
            Object {
              "height": 100,
              "width": 100,
            }
          } />
      </View>
      <View
        style={
          Object {
            "flex": 1,
            "flexDirection": "column",
            "padding": 16,
          }
        }>
        <Text
          accessible={true}
          allowFontScaling={true}
          ellipsizeMode="tail">
          John Jackson
        </Text>
        <Text
          accessible={true}
          allowFontScaling={true}
          ellipsizeMode="tail"
          style={
            Object {
              "color": "#000",
              "fontSize": 16,
            }
          }>
          I like trains
        </Text>
      </View>
    </View>
    <View
      style={
        Object {
          "height": 8,
        }
      } />
  </ScrollView>
  <View
    accessibilityComponentType={undefined}
    accessibilityLabel={undefined}
    accessibilityTraits={undefined}
    accessible={true}
    hitSlop={undefined}
    onLayout={undefined}
    onResponderGrant={[Function]}
    onResponderMove={[Function]}
    onResponderRelease={[Function]}
    onResponderTerminate={[Function]}
    onResponderTerminationRequest={[Function]}
    onStartShouldSetResponder={[Function]}
    style={
      Array [
        Object {
          "backgroundColor": "transparent",
        },
        undefined,
      ]
    }
    testID={undefined}>
    <Text
      accessible={true}
      allowFontScaling={true}
      ellipsizeMode="tail">
      Click me!
    </Text>
  </View>
</View>
`;
