// Jest Snapshot v1, https://goo.gl/fbAQLP

exports[`renders correctly 1`] = `
<View
  style={
    Array [
      Object {
        "backgroundColor": "#FFFFFF",
        "flexBasis": 0,
        "flexDirection": "row",
        "flexGrow": 1,
        "flexShrink": 1,
        "height": 120,
      },
      undefined,
    ]
  }
>
  <View
    style={
      Array [
        Object {
          "alignItems": "center",
          "justifyContent": "center",
          "width": 120,
        },
        undefined,
      ]
    }
  >
    <Image
      onError={[Function]}
      onLoad={[Function]}
      onLoadStart={[Function]}
      onProgress={[Function]}
      resizemode="cover"
      source={1}
      style={
        Array [
          Object {
            "height": 100,
            "width": 100,
          },
          undefined,
        ]
      }
    />
  </View>
  <View
    style={
      Array [
        Object {
          "flexBasis": 0,
          "flexDirection": "column",
          "flexGrow": 1,
          "flexShrink": 1,
          "paddingBottom": 16,
          "paddingLeft": 16,
          "paddingRight": 16,
          "paddingTop": 16,
        },
        undefined,
      ]
    }
  >
    <Text
      accessible={true}
      allowFontScaling={true}
      ellipsizeMode="tail"
      secondary={true}
      style={
        Array [
          Object {
            "color": "rgba(0, 0, 0, 0.54)",
            "fontSize": 16,
          },
          undefined,
        ]
      }
    >
      foo
    </Text>
    <Text
      accessible={true}
      allowFontScaling={true}
      ellipsizeMode="tail"
      style={
        Array [
          Object {
            "color": "rgba(0, 0, 0, 0.87)",
            "fontSize": 16,
          },
          undefined,
        ]
      }
    />
  </View>
</View>
`;
